// Vitest Snapshot v1

exports[`Test htmlTransform > htmlTransform test 1`] = `"<div :class=\\"myclass\\" name=\\"simon\\"></div>"`;
